// Jest Snapshot v1, https://goo.gl/fbAQLP

exports[`Life should return life state 1`] = `
Object {
  "life": true,
}
`;
