// Jest Snapshot v1, https://goo.gl/fbAQLP

exports[`actions/lists should make a snapshot of getListsAsync 1`] = `
Object {
  "cancel": [Function],
  "failure": [Function],
  "request": [Function],
  "success": [Function],
}
`;
