// Jest Snapshot v1, https://goo.gl/fbAQLP

exports[`adapter/life/adaptGetAccessToken should get access token 1`] = `
Object {
  "accessToken": "1234",
}
`;
