// Jest Snapshot v1, https://goo.gl/fbAQLP

exports[`utils/fetch/getDefaultRequestParameters should get default request parameters 1`] = `
Object {
  "client_id": "123",
  "client_secret": "456",
  "v": "20191007",
}
`;
