// Jest Snapshot v1, https://goo.gl/fbAQLP

exports[`tsFoursquare should have a list of method 1`] = `
Object {
  "ASYNC_ACTION_NAME_MAPPING": Object {
    "GET_VENUES_EXPLORE_CANCEL": "getVenuesExploreAsync",
    "GET_VENUES_EXPLORE_FAILURE": "getVenuesExploreAsync",
    "GET_VENUES_EXPLORE_REQUEST": "getVenuesExploreAsync",
    "GET_VENUES_EXPLORE_SUCCESS": "getVenuesExploreAsync",
    "GET_VENUES_LIKES_CANCEL": "getVenuesLikesAsync",
    "GET_VENUES_LIKES_FAILURE": "getVenuesLikesAsync",
    "GET_VENUES_LIKES_REQUEST": "getVenuesLikesAsync",
    "GET_VENUES_LIKES_SUCCESS": "getVenuesLikesAsync",
    "GET_VENUES_SEARCH_CANCEL": "getVenuesSearchAsync",
    "GET_VENUES_SEARCH_FAILURE": "getVenuesSearchAsync",
    "GET_VENUES_SEARCH_REQUEST": "getVenuesSearchAsync",
    "GET_VENUES_SEARCH_SUCCESS": "getVenuesSearchAsync",
    "GET_VENUES_TRENDING_CANCEL": "getVenuesTrendingAsync",
    "GET_VENUES_TRENDING_FAILURE": "getVenuesTrendingAsync",
    "GET_VENUES_TRENDING_REQUEST": "getVenuesTrendingAsync",
    "GET_VENUES_TRENDING_SUCCESS": "getVenuesTrendingAsync",
  },
  "EIconSize": Object {
    "L": "64",
    "M": "44",
    "S": "32",
    "XL": "88",
  },
  "StandaloneStore": [Function],
  "configureStore": [Function],
  "credentialsSelector": [Function],
  "getIconUrlList": [Function],
  "getLocationHref": [Function],
  "getLocationSearch": [Function],
  "getVenuesExploreAsync": Object {
    "cancel": [Function],
    "failure": [Function],
    "request": [Function],
    "success": [Function],
  },
  "getVenuesLikesAsync": Object {
    "cancel": [Function],
    "failure": [Function],
    "request": [Function],
    "success": [Function],
  },
  "getVenuesSearchAsync": Object {
    "cancel": [Function],
    "failure": [Function],
    "request": [Function],
    "success": [Function],
  },
  "getVenuesSuggestCompletionAsync": Object {
    "cancel": [Function],
    "failure": [Function],
    "request": [Function],
    "success": [Function],
  },
  "getVenuesTrendingAsync": Object {
    "cancel": [Function],
    "failure": [Function],
    "request": [Function],
    "success": [Function],
  },
  "initialState": Object {
    "life": Object {
      "credentials": Object {
        "clientId": "",
        "clientSecret": "",
      },
      "status": false,
    },
    "status": Object {},
    "venues": Object {
      "entities": Object {},
      "recommendedPlaces": Array [],
      "trendingEntities": Object {},
    },
  },
  "lifeActions": Object {
    "putCredentials": [Function],
  },
  "lifeSelector": [Function],
  "lifeStatusSelector": [Function],
  "moduleStateSelector": [Function],
  "putCredentials": [Function],
  "statusSelector": [Function],
  "venueCategoriesStateSelector": [Function],
  "venueLocationSelector": [Function],
  "venueSelector": [Function],
  "venuesActions": Object {
    "getVenuesExploreAsync": Object {
      "cancel": [Function],
      "failure": [Function],
      "request": [Function],
      "success": [Function],
    },
    "getVenuesLikesAsync": Object {
      "cancel": [Function],
      "failure": [Function],
      "request": [Function],
      "success": [Function],
    },
    "getVenuesSearchAsync": Object {
      "cancel": [Function],
      "failure": [Function],
      "request": [Function],
      "success": [Function],
    },
    "getVenuesSuggestCompletionAsync": Object {
      "cancel": [Function],
      "failure": [Function],
      "request": [Function],
      "success": [Function],
    },
    "getVenuesTrendingAsync": Object {
      "cancel": [Function],
      "failure": [Function],
      "request": [Function],
      "success": [Function],
    },
  },
  "venuesSelector": [Function],
}
`;
