// Jest Snapshot v1, https://goo.gl/fbAQLP

exports[`constants/url/EUrlSeparator should take a snapshot of EUrlSeparator 1`] = `
Object {
  "LOCATION_SEARCH_SEPARATOR": "?",
  "QUERY_STRING_SEPARATOR": "&",
}
`;
